
> shed-admin@0.1.0 build
> next build

node.exe :  ΓÜá 
Warning: Next.js 
inferred your 
workspace root, but 
it may not be 
correct.
At line:1 char:1
+ & "C:\Program Files
\nodejs/node.exe" 
"C:\Program 
Files\nodejs/node_mo 
...
+ ~~~~~~~~~~~~~~~~~~~
~~~~~~~~~~~~~~~~~~~~~
~~~~~~~~~~~~~~~~~~~~~
~~~~~~~~
    + CategoryInfo   
           : NotSpe  
  cified: ( ΓÜá Wa   
 rning: N...not b    
e correct.:Strin    
g) [], RemoteExc    
eption
    + FullyQualified 
   ErrorId : Native  
  CommandError
 
 We detected 
multiple lockfiles 
and selected the 
directory of C:\Users
\USER\package-lock.js
on as the root 
directory.
 To silence this 
warning, set `outputF
ileTracingRoot` in 
your Next.js config, 
or consider removing 
one of the lockfiles 
if it's not needed.
   See https://nextjs
.org/docs/app/api-ref
erence/config/next-co
nfig-js/output#caveat
s for more 
information.
 Detected additional 
lockfiles: 
   * C:\Users\USER\De
sktop\dfs management 
system\shed-admin\pac
kage-lock.json

   Γû▓ Next.js 15.5.4
   - Environments: .env.local, .env

   Creating an optimized production build ...
 Γ£ô Compiled successfully in 6.4s
   Linting and checking validity of types ...

Failed to compile.

./src/app/(app)/banks
/page.tsx
13:10  Warning: 
'Tabs' is defined 
but never used.  @typ
escript-eslint/no-unu
sed-vars
13:16  Warning: 
'TabsContent' is 
defined but never 
used.  @typescript-es
lint/no-unused-vars
13:29  Warning: 
'TabsList' is 
defined but never 
used.  @typescript-es
lint/no-unused-vars
13:39  Warning: 
'TabsTrigger' is 
defined but never 
used.  @typescript-es
lint/no-unused-vars
14:10  Warning: 
'Table' is defined 
but never used.  @typ
escript-eslint/no-unu
sed-vars
14:17  Warning: 
'TableBody' is 
defined but never 
used.  @typescript-es
lint/no-unused-vars
14:28  Warning: 
'TableCell' is 
defined but never 
used.  @typescript-es
lint/no-unused-vars
14:39  Warning: 
'TableHead' is 
defined but never 
used.  @typescript-es
lint/no-unused-vars
14:50  Warning: 
'TableHeader' is 
defined but never 
used.  @typescript-es
lint/no-unused-vars
14:63  Warning: 
'TableRow' is 
defined but never 
used.  @typescript-es
lint/no-unused-vars
80:9  Warning: 
'router' is assigned 
a value but never 
used.  @typescript-es
lint/no-unused-vars
111:6  Warning: 
React Hook useEffect 
has a missing 
dependency: 
'fetchBankAccounts'. 
Either include it or 
remove the 
dependency array.  re
act-hooks/exhaustive-
deps
323:32  Warning: 
'row' is defined but 
never used.  @typescr
ipt-eslint/no-unused-
vars

./src/app/(app)/chequ
es/page.tsx
111:16  Warning: 
'_err' is defined 
but never used.  @typ
escript-eslint/no-unu
sed-vars
183:14  Warning: 
'_err' is defined 
but never used.  @typ
escript-eslint/no-unu
sed-vars

./src/app/(app)/credi
t/aging/page.tsx
90:16  Warning: 
'err' is defined but 
never used.  @typescr
ipt-eslint/no-unused-
vars
148:14  Warning: 
'err' is defined but 
never used.  @typescr
ipt-eslint/no-unused-
vars

./src/app/(app)/credi
t/customers/page.tsx
27:10  Warning: 
'Alert' is defined 
but never used.  @typ
escript-eslint/no-unu
sed-vars
27:17  Warning: 
'AlertDescription' 
is defined but never 
used.  @typescript-es
lint/no-unused-vars
27:35  Warning: 
'AlertTitle' is 
defined but never 
used.  @typescript-es
lint/no-unused-vars
33:3  Warning: 
'AlertCircle' is 
defined but never 
used.  @typescript-es
lint/no-unused-vars
34:3  Warning: 
'CheckCircle' is 
defined but never 
used.  @typescript-es
lint/no-unused-vars
114:6  Warning: 
React Hook useEffect 
has a missing 
dependency: 
'fetchCustomers'. 
Either include it or 
remove the 
dependency array.  re
act-hooks/exhaustive-
deps
331:14  Warning: 
'err' is defined but 
never used.  @typescr
ipt-eslint/no-unused-
vars

./src/app/(app)/credi
t/layout.tsx
6:29  Warning: 
'ShoppingCart' is 
defined but never 
used.  @typescript-es
lint/no-unused-vars
6:43  Warning: 
'TrendingUp' is 
defined but never 
used.  @typescript-es
lint/no-unused-vars

./src/app/(app)/credi
t/payments/page.tsx
22:10  Warning: 
'Alert' is defined 
but never used.  @typ
escript-eslint/no-unu
sed-vars
22:17  Warning: 
'AlertDescription' 
is defined but never 
used.  @typescript-es
lint/no-unused-vars
22:35  Warning: 
'AlertTitle' is 
defined but never 
used.  @typescript-es
lint/no-unused-vars
34:3  Warning: 
'CreditCard' is 
defined but never 
used.  @typescript-es
lint/no-unused-vars
38:3  Warning: 
'AlertCircle' is 
defined but never 
used.  @typescript-es
lint/no-unused-vars
39:3  Warning: 
'CheckCircle' is 
defined but never 
used.  @typescript-es
lint/no-unused-vars
41:3  Warning: 
'Clock' is defined 
but never used.  @typ
escript-eslint/no-unu
sed-vars
139:16  Warning: 
'err' is defined but 
never used.  @typescr
ipt-eslint/no-unused-
vars
149:6  Warning: 
React Hook useEffect 
has a missing 
dependency: 'toast'. 
Either include it or 
remove the 
dependency array.  re
act-hooks/exhaustive-
deps

./src/app/(app)/credi
t/sales/page.tsx
33:3  Warning: 
'Clock' is defined 
but never used.  @typ
escript-eslint/no-unu
sed-vars
123:16  Warning: 
'err' is defined but 
never used.  @typescr
ipt-eslint/no-unused-
vars
202:14  Warning: 
'err' is defined but 
never used.  @typescr
ipt-eslint/no-unused-
vars

./src/app/(app)/dashb
oard/page.tsx
7:10  Warning: 
'Badge' is defined 
but never used.  @typ
escript-eslint/no-unu
sed-vars
11:33  Warning: 
'TrendingUp' is 
defined but never 
used.  @typescript-es
lint/no-unused-vars
11:45  Warning: 
'TrendingDown' is 
defined but never 
used.  @typescript-es
lint/no-unused-vars
12:53  Warning: 
'Users' is defined 
but never used.  @typ
escript-eslint/no-unu
sed-vars
13:3  Warning: 
'Droplet' is defined 
but never used.  @typ
escript-eslint/no-unu
sed-vars
13:23  Warning: 
'ArrowRight' is 
defined but never 
used.  @typescript-es
lint/no-unused-vars
13:58  Warning: 
'Zap' is defined but 
never used.  @typescr
ipt-eslint/no-unused-
vars
26:10  Warning: 
'loading' is 
assigned a value but 
never used.  @typescr
ipt-eslint/no-unused-
vars
31:31  Error: 
Unexpected any. 
Specify a different 
type.  @typescript-es
lint/no-explicit-any
41:56  Error: 
Unexpected any. 
Specify a different 
type.  @typescript-es
lint/no-explicit-any
42:40  Error: 
Unexpected any. 
Specify a different 
type.  @typescript-es
lint/no-explicit-any
46:6  Warning: React 
Hook useEffect has a 
missing dependency: 
'loadDashboardData'. 
Either include it or 
remove the 
dependency array.  re
act-hooks/exhaustive-
deps
125:61  Error: `'` 
can be escaped with 
`&apos;`, `&lsquo;`, 
`&#39;`, `&rsquo;`.  
react/no-unescaped-en
tities

./src/app/(app)/depos
its/page.tsx
32:3  Warning: 
'Clock' is defined 
but never used.  @typ
escript-eslint/no-unu
sed-vars
87:10  Warning: 
'slipPhoto' is 
assigned a value but 
never used.  @typescr
ipt-eslint/no-unused-
vars
106:16  Warning: 
'err' is defined but 
never used.  @typescr
ipt-eslint/no-unused-
vars
148:13  Warning: 
'newDeposit' is 
assigned a value but 
never used.  @typescr
ipt-eslint/no-unused-
vars
185:9  Warning: 
'selectedBankData' 
is assigned a value 
but never used.  @typ
escript-eslint/no-unu
sed-vars

./src/app/(app)/expen
ses/page.tsx
28:3  Warning: 
'FileText' is 
defined but never 
used.  @typescript-es
lint/no-unused-vars
33:3  Warning: 
'Clock' is defined 
but never used.  @typ
escript-eslint/no-unu
sed-vars
110:16  Warning: 
'_err' is defined 
but never used.  @typ
escript-eslint/no-unu
sed-vars
177:14  Warning: 
'_err' is defined 
but never used.  @typ
escript-eslint/no-unu
sed-vars

./src/app/(app)/loans
/page.tsx
19:3  Warning: 
'User' is defined 
but never used.  @typ
escript-eslint/no-unu
sed-vars
20:3  Warning: 
'Building2' is 
defined but never 
used.  @typescript-es
lint/no-unused-vars
21:3  Warning: 
'Calendar' is 
defined but never 
used.  @typescript-es
lint/no-unused-vars
22:3  Warning: 
'CheckCircle' is 
defined but never 
used.  @typescript-es
lint/no-unused-vars
23:3  Warning: 
'AlertCircle' is 
defined but never 
used.  @typescript-es
lint/no-unused-vars
85:9  Warning: 
'router' is assigned 
a value but never 
used.  @typescript-es
lint/no-unused-vars
108:6  Warning: 
React Hook useEffect 
has a missing 
dependency: 
'fetchAllLoans'. 
Either include it or 
remove the 
dependency array.  re
act-hooks/exhaustive-
deps

./src/app/(app)/notif
ications/page.tsx
26:3  Warning: 
'Settings' is 
defined but never 
used.  @typescript-es
lint/no-unused-vars
28:3  Warning: 
'Sparkles' is 
defined but never 
used.  @typescript-es
lint/no-unused-vars
46:14  Error: 
Unexpected any. 
Specify a different 
type.  @typescript-es
lint/no-explicit-any
69:10  Warning: 
'generating' is 
assigned a value but 
never used.  @typescr
ipt-eslint/no-unused-
vars
172:6  Warning: 
React Hook useEffect 
has missing 
dependencies: 'genera
teNotifications' and 
'loadNotifications'. 
Either include them 
or remove the 
dependency array.  re
act-hooks/exhaustive-
deps

./src/app/(app)/owner
-dashboard/page.tsx
4:10  Warning: 
'FormCard' is 
defined but never 
used.  @typescript-es
lint/no-unused-vars
10:10  Warning: 
'Tabs' is defined 
but never used.  @typ
escript-eslint/no-unu
sed-vars
10:16  Warning: 
'TabsContent' is 
defined but never 
used.  @typescript-es
lint/no-unused-vars
10:29  Warning: 
'TabsList' is 
defined but never 
used.  @typescript-es
lint/no-unused-vars
10:39  Warning: 
'TabsTrigger' is 
defined but never 
used.  @typescript-es
lint/no-unused-vars
22:3  Warning: 
'LineChart' is 
defined but never 
used.  @typescript-es
lint/no-unused-vars
23:3  Warning: 
'Line' is defined 
but never used.  @typ
escript-eslint/no-unu
sed-vars
27:3  Warning: 
'DollarSign' is 
defined but never 
used.  @typescript-es
lint/no-unused-vars
28:3  Warning: 
'TrendingUp' is 
defined but never 
used.  @typescript-es
lint/no-unused-vars
33:3  Warning: 
'Users' is defined 
but never used.  @typ
escript-eslint/no-unu
sed-vars
34:3  Warning: 
'Fuel' is defined 
but never used.  @typ
escript-eslint/no-unu
sed-vars
35:3  Warning: 
'CreditCard' is 
defined but never 
used.  @typescript-es
lint/no-unused-vars
36:3  Warning: 
'Shield' is defined 
but never used.  @typ
escript-eslint/no-unu
sed-vars
99:7  Warning: 
'COLORS' is assigned 
a value but never 
used.  @typescript-es
lint/no-unused-vars
110:10  Warning: 
'selectedView' is 
assigned a value but 
never used.  @typescr
ipt-eslint/no-unused-
vars
110:24  Warning: 
'setSelectedView' is 
assigned a value but 
never used.  @typescr
ipt-eslint/no-unused-
vars
290:14  Warning: 
'err' is defined but 
never used.  @typescr
ipt-eslint/no-unused-
vars

./src/app/(app)/pos/b
atches/page.tsx
20:10  Warning: 
'FileUploadStub' is 
defined but never 
used.  @typescript-es
lint/no-unused-vars
26:3  Warning: 
'Camera' is defined 
but never used.  @typ
escript-eslint/no-unu
sed-vars
31:3  Warning: 
'Clock' is defined 
but never used.  @typ
escript-eslint/no-unu
sed-vars
123:16  Warning: 
'err' is defined but 
never used.  @typescr
ipt-eslint/no-unused-
vars
179:13  Warning: 
'newBatch' is 
assigned a value but 
never used.  @typescr
ipt-eslint/no-unused-
vars
204:14  Warning: 
'err' is defined but 
never used.  @typescr
ipt-eslint/no-unused-
vars

./src/app/(app)/pos/m
issing-slips/page.tsx
87:16  Warning: 
'_err' is defined 
but never used.  @typ
escript-eslint/no-unu
sed-vars
150:14  Warning: 
'_err' is defined 
but never used.  @typ
escript-eslint/no-unu
sed-vars

./src/app/(app)/pos/p
age.tsx
22:16  Warning: 
'CardContent' is 
defined but never 
used.  @typescript-es
lint/no-unused-vars
57:10  Warning: 
'loading' is 
assigned a value but 
never used.  @typescr
ipt-eslint/no-unused-
vars

./src/app/(app)/repor
ts/credit/page.tsx
171:6  Warning: 
React Hook useEffect 
has a missing 
dependency: 
'fetchReport'. 
Either include it or 
remove the 
dependency array.  re
act-hooks/exhaustive-
deps
219:15  Warning: '_' 
is defined but never 
used.  @typescript-es
lint/no-unused-vars

./src/app/(app)/repor
ts/daily/page.tsx
22:3  Warning: 
'Calendar' is 
defined but never 
used.  @typescript-es
lint/no-unused-vars
33:3  Warning: 
'ExternalLink' is 
defined but never 
used.  @typescript-es
lint/no-unused-vars
168:16  Warning: 
'err' is defined but 
never used.  @typescr
ipt-eslint/no-unused-
vars

./src/app/(app)/repor
ts/daily-sales/page.t
sx
114:6  Warning: 
React Hook useEffect 
has a missing 
dependency: 
'fetchSalesData'. 
Either include it or 
remove the 
dependency array.  re
act-hooks/exhaustive-
deps
127:13  Warning: 
'dateRange' is 
assigned a value but 
never used.  @typescr
ipt-eslint/no-unused-
vars

./src/app/(app)/repor
ts/daily-sales-liters
/page.tsx
6:53  Warning: 'getBu
sinessMonthDateRange'
 is defined but 
never used.  @typescr
ipt-eslint/no-unused-
vars
116:6  Warning: 
React Hook useEffect 
has a missing 
dependency: 
'fetchSalesData'. 
Either include it or 
remove the 
dependency array.  re
act-hooks/exhaustive-
deps

./src/app/(app)/repor
ts/page.tsx
5:10  Warning: 
'FormCard' is 
defined but never 
used.  @typescript-es
lint/no-unused-vars
172:9  Warning: 
'quickStats' is 
assigned a value but 
never used.  @typescr
ipt-eslint/no-unused-
vars
199:9  Warning: 
'getRoleStyle' is 
assigned a value but 
never used.  @typescr
ipt-eslint/no-unused-
vars

./src/app/(app)/repor
ts/pos-sales/page.tsx
33:3  Warning: 
'BarChart' is 
defined but never 
used.  @typescript-es
lint/no-unused-vars
34:3  Warning: 'Bar' 
is defined but never 
used.  @typescript-es
lint/no-unused-vars
188:6  Warning: 
React Hook useEffect 
has a missing 
dependency: 
'fetchReport'. 
Either include it or 
remove the 
dependency array.  re
act-hooks/exhaustive-
deps

./src/app/(app)/repor
ts/profit/page.tsx
24:10  Warning: 
'Badge' is defined 
but never used.  @typ
escript-eslint/no-unu
sed-vars
41:3  Warning: 
'DollarSign' is 
defined but never 
used.  @typescript-es
lint/no-unused-vars
160:16  Warning: 
'_err' is defined 
but never used.  @typ
escript-eslint/no-unu
sed-vars
255:14  Warning: 
'_err' is defined 
but never used.  @typ
escript-eslint/no-unu
sed-vars

./src/app/(app)/repor
ts/pumper-details/pag
e.tsx
6:35  Warning: 'forma
tBusinessMonthRange' 
is defined but never 
used.  @typescript-es
lint/no-unused-vars
28:3  Warning: 
'AlertCircle' is 
defined but never 
used.  @typescript-es
lint/no-unused-vars
33:3  Warning: 
'Clock' is defined 
but never used.  @typ
escript-eslint/no-unu
sed-vars
36:3  Warning: 
'CreditCard' is 
defined but never 
used.  @typescript-es
lint/no-unused-vars
196:6  Warning: 
React Hook useEffect 
has a missing 
dependency: 
'fetchReport'. 
Either include it or 
remove the 
dependency array.  re
act-hooks/exhaustive-
deps

./src/app/(app)/repor
ts/pumper-variance/pa
ge.tsx
24:3  Warning: 
'XAxis' is defined 
but never used.  @typ
escript-eslint/no-unu
sed-vars
25:3  Warning: 
'YAxis' is defined 
but never used.  @typ
escript-eslint/no-unu
sed-vars
31:3  Warning: 
'TrendingUp' is 
defined but never 
used.  @typescript-es
lint/no-unused-vars
32:3  Warning: 
'TrendingDown' is 
defined but never 
used.  @typescript-es
lint/no-unused-vars
132:16  Warning: 
'err' is defined but 
never used.  @typescr
ipt-eslint/no-unused-
vars
166:13  Warning: 
'station' is 
assigned a value but 
never used.  @typescr
ipt-eslint/no-unused-
vars
229:14  Warning: 
'err' is defined but 
never used.  @typescr
ipt-eslint/no-unused-
vars

./src/app/(app)/repor
ts/shift/page.tsx
28:3  Warning: 
'DollarSign' is 
defined but never 
used.  @typescript-es
lint/no-unused-vars
34:3  Warning: 
'Printer' is defined 
but never used.  @typ
escript-eslint/no-unu
sed-vars
36:3  Warning: 
'TrendingUp' is 
defined but never 
used.  @typescript-es
lint/no-unused-vars
37:3  Warning: 
'TrendingDown' is 
defined but never 
used.  @typescript-es
lint/no-unused-vars
152:16  Warning: 
'err' is defined but 
never used.  @typescr
ipt-eslint/no-unused-
vars
330:14  Warning: 
'err' is defined but 
never used.  @typescr
ipt-eslint/no-unused-
vars

./src/app/(app)/repor
ts/station-comparison
/page.tsx
24:3  Warning: 
'Users' is defined 
but never used.  @typ
escript-eslint/no-unu
sed-vars
77:6  Warning: React 
Hook useEffect has a 
missing dependency: 
'fetchStationData'. 
Either include it or 
remove the 
dependency array.  re
act-hooks/exhaustive-
deps

./src/app/(app)/repor
ts/tanks/page.tsx
21:3  Warning: 
'Calendar' is 
defined but never 
used.  @typescript-es
lint/no-unused-vars
23:3  Warning: 
'TrendingUp' is 
defined but never 
used.  @typescript-es
lint/no-unused-vars
24:3  Warning: 
'TrendingDown' is 
defined but never 
used.  @typescript-es
lint/no-unused-vars
35:3  Warning: 
'BarChart3' is 
defined but never 
used.  @typescript-es
lint/no-unused-vars
37:3  Warning: 
'ArrowUp' is defined 
but never used.  @typ
escript-eslint/no-unu
sed-vars
38:3  Warning: 
'ArrowDown' is 
defined but never 
used.  @typescript-es
lint/no-unused-vars
163:16  Warning: 
'_err' is defined 
but never used.  @typ
escript-eslint/no-unu
sed-vars
197:13  Warning: 
'station' is 
assigned a value but 
never used.  @typescr
ipt-eslint/no-unused-
vars
279:14  Warning: 
'_err' is defined 
but never used.  @typ
escript-eslint/no-unu
sed-vars

./src/app/(app)/safe/
page.tsx
18:10  Warning: 
'Checkbox' is 
defined but never 
used.  @typescript-es
lint/no-unused-vars
34:3  Warning: 
'TrendingDown' is 
defined but never 
used.  @typescript-es
lint/no-unused-vars
38:3  Warning: 
'CheckCircle' is 
defined but never 
used.  @typescript-es
lint/no-unused-vars
45:3  Warning: 
'AlertTriangle' is 
defined but never 
used.  @typescript-es
lint/no-unused-vars
46:3  Warning: 
'ArrowLeft' is 
defined but never 
used.  @typescript-es
lint/no-unused-vars
47:3  Warning: 
'Download' is 
defined but never 
used.  @typescript-es
lint/no-unused-vars
48:3  Warning: 
'BarChart3' is 
defined but never 
used.  @typescript-es
lint/no-unused-vars
51:3  Warning: 
'LineChart' is 
defined but never 
used.  @typescript-es
lint/no-unused-vars
52:3  Warning: 
'Line' is defined 
but never used.  @typ
escript-eslint/no-unu
sed-vars
53:3  Warning: 
'BarChart' is 
defined but never 
used.  @typescript-es
lint/no-unused-vars
54:3  Warning: 'Bar' 
is defined but never 
used.  @typescript-es
lint/no-unused-vars
55:3  Warning: 
'XAxis' is defined 
but never used.  @typ
escript-eslint/no-unu
sed-vars
56:3  Warning: 
'YAxis' is defined 
but never used.  @typ
escript-eslint/no-unu
sed-vars
57:3  Warning: 
'CartesianGrid' is 
defined but never 
used.  @typescript-es
lint/no-unused-vars
58:3  Warning: 
'Tooltip' is defined 
but never used.  @typ
escript-eslint/no-unu
sed-vars
59:3  Warning: 
'Legend' is defined 
but never used.  @typ
escript-eslint/no-unu
sed-vars
60:3  Warning: 'Respo
nsiveContainer' is 
defined but never 
used.  @typescript-es
lint/no-unused-vars
184:7  Warning: 
'EXPENSE_TYPES' is 
assigned a value but 
never used.  @typescr
ipt-eslint/no-unused-
vars
244:11  Warning: 
'pumpers' is 
assigned a value but 
never used.  @typescr
ipt-eslint/no-unused-
vars
290:10  Warning: 
'transactions' is 
assigned a value but 
never used.  @typescr
ipt-eslint/no-unused-
vars
293:10  Warning: 
'loading' is 
assigned a value but 
never used.  @typescr
ipt-eslint/no-unused-
vars
296:10  Warning: 
'cashFlowData' is 
assigned a value but 
never used.  @typescr
ipt-eslint/no-unused-
vars
296:24  Warning: 
'setCashFlowData' is 
assigned a value but 
never used.  @typescr
ipt-eslint/no-unused-
vars
303:10  Warning: 
'topTransactions' is 
assigned a value but 
never used.  @typescr
ipt-eslint/no-unused-
vars
303:27  Warning: 
'setTopTransactions' 
is assigned a value 
but never used.  @typ
escript-eslint/no-unu
sed-vars
319:10  Warning: 
'transactionType' is 
assigned a value but 
never used.  @typescr
ipt-eslint/no-unused-
vars
352:6  Warning: 
React Hook useEffect 
has missing 
dependencies: 'fetchP
umpersAndBanks' and 
'fetchSafe'. Either 
include them or 
remove the 
dependency array.  re
act-hooks/exhaustive-
deps
390:6  Warning: 
React Hook useEffect 
has a missing 
dependency: 
'fetchSafe'. Either 
include it or remove 
the dependency 
array.  react-hooks/e
xhaustive-deps
487:14  Warning: 
'err' is defined but 
never used.  @typescr
ipt-eslint/no-unused-
vars
553:14  Warning: 
'err' is defined but 
never used.  @typescr
ipt-eslint/no-unused-
vars
599:14  Warning: 
'err' is defined but 
never used.  @typescr
ipt-eslint/no-unused-
vars
702:14  Warning: 
'err' is defined but 
never used.  @typescr
ipt-eslint/no-unused-
vars
778:14  Warning: 
'err' is defined but 
never used.  @typescr
ipt-eslint/no-unused-
vars
833:32  Warning: 
'row' is defined but 
never used.  @typescr
ipt-eslint/no-unused-
vars
863:17  Warning: 
'shiftName' is 
assigned a value but 
never used.  @typescr
ipt-eslint/no-unused-
vars

./src/app/(app)/safe/
summary/page.tsx
117:16  Warning: 
'err' is defined but 
never used.  @typescr
ipt-eslint/no-unused-
vars

./src/app/(app)/safe/
transactions/[id]/pag
e.tsx
17:3  Warning: 
'FileText' is 
defined but never 
used.  @typescript-es
lint/no-unused-vars
19:3  Warning: 
'CheckCircle' is 
defined but never 
used.  @typescript-es
lint/no-unused-vars
130:10  Warning: 'rel
atedTransactions' is 
assigned a value but 
never used.  @typescr
ipt-eslint/no-unused-
vars

./src/app/(app)/salar
y/office-staff/[id]/p
age.tsx
14:3  Warning: 
'CheckCircle' is 
defined but never 
used.  @typescript-es
lint/no-unused-vars
18:10  Warning: 
'Dialog' is defined 
but never used.  @typ
escript-eslint/no-unu
sed-vars
18:18  Warning: 
'DialogContent' is 
defined but never 
used.  @typescript-es
lint/no-unused-vars
18:33  Warning: 
'DialogDescription' 
is defined but never 
used.  @typescript-es
lint/no-unused-vars
18:52  Warning: 
'DialogHeader' is 
defined but never 
used.  @typescript-es
lint/no-unused-vars
18:66  Warning: 
'DialogTitle' is 
defined but never 
used.  @typescript-es
lint/no-unused-vars
18:79  Warning: 
'DialogTrigger' is 
defined but never 
used.  @typescript-es
lint/no-unused-vars
19:10  Warning: 
'Input' is defined 
but never used.  @typ
escript-eslint/no-unu
sed-vars
20:10  Warning: 
'Label' is defined 
but never used.  @typ
escript-eslint/no-unu
sed-vars
21:10  Warning: 
'Textarea' is 
defined but never 
used.  @typescript-es
lint/no-unused-vars
22:10  Warning: 
'Select' is defined 
but never used.  @typ
escript-eslint/no-unu
sed-vars
22:18  Warning: 
'SelectContent' is 
defined but never 
used.  @typescript-es
lint/no-unused-vars
22:33  Warning: 
'SelectItem' is 
defined but never 
used.  @typescript-es
lint/no-unused-vars
22:45  Warning: 
'SelectTrigger' is 
defined but never 
used.  @typescript-es
lint/no-unused-vars
22:60  Warning: 
'SelectValue' is 
defined but never 
used.  @typescript-es
lint/no-unused-vars
75:19  Warning: 
'setSuccess' is 
assigned a value but 
never used.  @typescr
ipt-eslint/no-unused-
vars
82:6  Warning: React 
Hook useEffect has a 
missing dependency: 
'fetchSalaryData'. 
Either include it or 
remove the 
dependency array.  re
act-hooks/exhaustive-
deps

./src/app/(app)/salar
y/page.tsx
20:3  Warning: 
'AlertCircle' is 
defined but never 
used.  @typescript-es
lint/no-unused-vars
136:6  Warning: 
React Hook useEffect 
has missing 
dependencies: 'fetchO
fficeStaffSalaryData'
 and 
'fetchSalaryData'. 
Either include them 
or remove the 
dependency array.  re
act-hooks/exhaustive-
deps
330:32  Warning: 
'row' is defined but 
never used.  @typescr
ipt-eslint/no-unused-
vars

./src/app/(app)/salar
y/[pumperId]/loans/pa
ge.tsx
12:3  Warning: 
'Edit' is defined 
but never used.  @typ
escript-eslint/no-unu
sed-vars
25:9  Warning: 
'router' is assigned 
a value but never 
used.  @typescript-es
lint/no-unused-vars
47:10  Warning: 
'loading' is 
assigned a value but 
never used.  @typescr
ipt-eslint/no-unused-
vars
47:19  Warning: 
'setLoading' is 
assigned a value but 
never used.  @typescr
ipt-eslint/no-unused-
vars
64:6  Warning: React 
Hook useEffect has a 
missing dependency: 
'fetchPumperLoans'. 
Either include it or 
remove the 
dependency array.  re
act-hooks/exhaustive-
deps
196:9  Warning: 
'totalLoanAmount' is 
assigned a value but 
never used.  @typescr
ipt-eslint/no-unused-
vars

./src/app/(app)/salar
y/[pumperId]/page.tsx
92:10  Warning: 
'success' is 
assigned a value but 
never used.  @typescr
ipt-eslint/no-unused-
vars
92:19  Warning: 
'setSuccess' is 
assigned a value but 
never used.  @typescr
ipt-eslint/no-unused-
vars
95:10  Warning: 'loan
RepayDialogOpen' is 
assigned a value but 
never used.  @typescr
ipt-eslint/no-unused-
vars
95:31  Warning: 'setL
oanRepayDialogOpen' 
is assigned a value 
but never used.  @typ
escript-eslint/no-unu
sed-vars
122:6  Warning: 
React Hook useEffect 
has missing 
dependencies: 'fetchP
aymentHistory' and 
'fetchSalaryData'. 
Either include them 
or remove the 
dependency array.  re
act-hooks/exhaustive-
deps
129:6  Warning: 
React Hook useEffect 
has missing 
dependencies: 'fetchP
aymentHistory', 'isPr
ocessingPayment', 
'month', 'pumperId', 
and 
'selectedStation'. 
Either include them 
or remove the 
dependency array.  re
act-hooks/exhaustive-
deps

./src/app/(app)/setti
ngs/banks/page.tsx
10:29  Warning: 
'CardHeader' is 
defined but never 
used.  @typescript-es
lint/no-unused-vars
10:41  Warning: 
'CardTitle' is 
defined but never 
used.  @typescript-es
lint/no-unused-vars
36:10  Warning: 
'loading' is 
assigned a value but 
never used.  @typescr
ipt-eslint/no-unused-
vars
55:6  Warning: React 
Hook useEffect has a 
missing dependency: 
'fetchBanks'. Either 
include it or remove 
the dependency 
array.  react-hooks/e
xhaustive-deps
73:14  Warning: 
'error' is defined 
but never used.  @typ
escript-eslint/no-unu
sed-vars
159:14  Warning: 
'error' is defined 
but never used.  @typ
escript-eslint/no-unu
sed-vars

./src/app/(app)/setti
ngs/office-staff/page
.tsx
77:6  Warning: React 
Hook useEffect has a 
missing dependency: 
'fetchOfficeStaff'. 
Either include it or 
remove the 
dependency array.  re
act-hooks/exhaustive-
deps
88:14  Warning: 
'_error' is defined 
but never used.  @typ
escript-eslint/no-unu
sed-vars

./src/app/(app)/setti
ngs/page.tsx
10:3  Warning: 
'DollarSign' is 
defined but never 
used.  @typescript-es
lint/no-unused-vars
39:9  Warning: 
'isManager' is 
assigned a value but 
never used.  @typescr
ipt-eslint/no-unused-
vars

./src/app/(app)/setti
ngs/pos-terminals/pag
e.tsx
10:29  Warning: 
'CardHeader' is 
defined but never 
used.  @typescript-es
lint/no-unused-vars
10:41  Warning: 
'CardTitle' is 
defined but never 
used.  @typescript-es
lint/no-unused-vars
54:10  Warning: 
'loading' is 
assigned a value but 
never used.  @typescr
ipt-eslint/no-unused-
vars
70:6  Warning: React 
Hook useEffect has a 
missing dependency: 
'fetchTerminals'. 
Either include it or 
remove the 
dependency array.  re
act-hooks/exhaustive-
deps
82:14  Warning: 
'error' is defined 
but never used.  @typ
escript-eslint/no-unu
sed-vars
137:14  Warning: 
'error' is defined 
but never used.  @typ
escript-eslint/no-unu
sed-vars
174:14  Warning: 
'error' is defined 
but never used.  @typ
escript-eslint/no-unu
sed-vars

./src/app/(app)/setti
ngs/prices/page.tsx
13:28  Warning: 
'TrendingUp' is 
defined but never 
used.  @typescript-es
lint/no-unused-vars
13:40  Warning: 
'Calendar' is 
defined but never 
used.  @typescript-es
lint/no-unused-vars
13:89  Warning: 
'Zap' is defined but 
never used.  @typescr
ipt-eslint/no-unused-
vars
13:94  Warning: 
'Package' is defined 
but never used.  @typ
escript-eslint/no-unu
sed-vars
70:10  Warning: 
'newFuelDialogOpen' 
is assigned a value 
but never used.  @typ
escript-eslint/no-unu
sed-vars
91:6  Warning: React 
Hook useEffect has 
missing 
dependencies: 
'fetchFuels', 
'fetchPrices', and 
'fetchTanks'. Either 
include them or 
remove the 
dependency array.  re
act-hooks/exhaustive-
deps

./src/app/(app)/setti
ngs/profile/page.tsx
11:31  Warning: 
'Shield' is defined 
but never used.  @typ
escript-eslint/no-unu
sed-vars
168:14  Warning: 
'error' is defined 
but never used.  @typ
escript-eslint/no-unu
sed-vars
234:14  Warning: 
'error' is defined 
but never used.  @typ
escript-eslint/no-unu
sed-vars

./src/app/(app)/setti
ngs/pumpers/page.tsx
10:29  Warning: 
'CardHeader' is 
defined but never 
used.  @typescript-es
lint/no-unused-vars
10:41  Warning: 
'CardTitle' is 
defined but never 
used.  @typescript-es
lint/no-unused-vars
12:68  Warning: 
'Award' is defined 
but never used.  @typ
escript-eslint/no-unu
sed-vars
46:10  Warning: 
'loading' is 
assigned a value but 
never used.  @typescr
ipt-eslint/no-unused-
vars
76:6  Warning: React 
Hook useEffect has 
missing 
dependencies: 
'fetchPumpers' and 
'isAllStations'. 
Either include them 
or remove the 
dependency array.  re
act-hooks/exhaustive-
deps
127:14  Warning: 
'error' is defined 
but never used.  @typ
escript-eslint/no-unu
sed-vars

./src/app/(app)/setti
ngs/shift-templates/p
age.tsx
10:29  Warning: 
'CardHeader' is 
defined but never 
used.  @typescript-es
lint/no-unused-vars
10:41  Warning: 
'CardTitle' is 
defined but never 
used.  @typescript-es
lint/no-unused-vars
35:10  Warning: 
'loading' is 
assigned a value but 
never used.  @typescr
ipt-eslint/no-unused-
vars
53:6  Warning: React 
Hook useEffect has a 
missing dependency: 
'fetchTemplates'. 
Either include it or 
remove the 
dependency array.  re
act-hooks/exhaustive-
deps

./src/app/(app)/setti
ngs/stations/page.tsx
9:60  Warning: 
'DialogTrigger' is 
defined but never 
used.  @typescript-es
lint/no-unused-vars
11:29  Warning: 
'CardHeader' is 
defined but never 
used.  @typescript-es
lint/no-unused-vars
11:41  Warning: 
'CardTitle' is 
defined but never 
used.  @typescript-es
lint/no-unused-vars
34:10  Warning: 
'loading' is 
assigned a value but 
never used.  @typescr
ipt-eslint/no-unused-
vars
54:6  Warning: React 
Hook useEffect has a 
missing dependency: 
'fetchStations'. 
Either include it or 
remove the 
dependency array.  re
act-hooks/exhaustive-
deps
61:14  Warning: 
'error' is defined 
but never used.  @typ
escript-eslint/no-unu
sed-vars
95:14  Warning: 
'error' is defined 
but never used.  @typ
escript-eslint/no-unu
sed-vars
134:14  Warning: 
'error' is defined 
but never used.  @typ
escript-eslint/no-unu
sed-vars

./src/app/(app)/setti
ngs/tanks/page.tsx
126:6  Warning: 
React Hook useEffect 
has missing 
dependencies: 
'loadNozzles', 
'loadPumps', and 
'loadTanks'. Either 
include them or 
remove the 
dependency array.  re
act-hooks/exhaustive-
deps

./src/app/(app)/setti
ngs/tolerance/page.ts
x
13:10  Warning: 
'NumberInput' is 
defined but never 
used.  @typescript-es
lint/no-unused-vars
38:10  Warning: 
'loading' is 
assigned a value but 
never used.  @typescr
ipt-eslint/no-unused-
vars
51:6  Warning: React 
Hook useEffect has a 
missing dependency: 
'fetchConfig'. 
Either include it or 
remove the 
dependency array.  re
act-hooks/exhaustive-
deps
55:6  Warning: React 
Hook useEffect has a 
missing dependency: 
'calculateExamples'. 
Either include it or 
remove the 
dependency array.  re
act-hooks/exhaustive-
deps
70:14  Warning: 
'error' is defined 
but never used.  @typ
escript-eslint/no-unu
sed-vars
100:14  Warning: 
'error' is defined 
but never used.  @typ
escript-eslint/no-unu
sed-vars
122:9  Warning: 
'calculateTolerance' 
is assigned a value 
but never used.  @typ
escript-eslint/no-unu
sed-vars
122:31  Warning: 
'_salesAmount' is 
defined but never 
used.  @typescript-es
lint/no-unused-vars
150:9  Warning: 
'formatPercentage' 
is assigned a value 
but never used.  @typ
escript-eslint/no-unu
sed-vars

./src/app/(app)/setti
ngs/users/page.tsx
31:10  Warning: 
'loading' is 
assigned a value but 
never used.  @typescr
ipt-eslint/no-unused-
vars
72:6  Warning: React 
Hook useEffect has a 
missing dependency: 
'fetchUsers'. Either 
include it or remove 
the dependency 
array.  react-hooks/e
xhaustive-deps
86:14  Warning: 
'error' is defined 
but never used.  @typ
escript-eslint/no-unu
sed-vars
166:14  Warning: 
'error' is defined 
but never used.  @typ
escript-eslint/no-unu
sed-vars

./src/app/(app)/shift
s/close/page.tsx
194:19  Warning: 
'setNozzles' is 
assigned a value but 
never used.  @typescr
ipt-eslint/no-unused-
vars
205:10  Warning: 
'tenderSummary' is 
assigned a value but 
never used.  @typescr
ipt-eslint/no-unused-
vars
209:37  Warning: 'set
PumperDeclaredCardAmo
unts' is assigned a 
value but never 
used.  @typescript-es
lint/no-unused-vars
278:16  Warning: 
'err' is defined but 
never used.  @typescr
ipt-eslint/no-unused-
vars
386:18  Warning: 
'err' is defined but 
never used.  @typescr
ipt-eslint/no-unused-
vars
650:17  Warning: 
'totalDeclared' is 
assigned a value but 
never used.  @typescr
ipt-eslint/no-unused-
vars
875:9  Warning: 
'checkDuplicateCard' 
is assigned a value 
but never used.  @typ
escript-eslint/no-unu
sed-vars
989:11  Warning: 
'currentSlip' is 
assigned a value but 
never used.  @typescr
ipt-eslint/no-unused-
vars
1154:16  Warning: 
'err' is defined but 
never used.  @typescr
ipt-eslint/no-unused-
vars
1319:11  Warning: 
'totalCash' is 
assigned a value but 
never used.  @typescr
ipt-eslint/no-unused-
vars
1326:11  Warning: 
'totalCheque' is 
assigned a value but 
never used.  @typescr
ipt-eslint/no-unused-
vars
1559:23  Warning: 
'_' is defined but 
never used.  @typescr
ipt-eslint/no-unused-
vars
2322:31  Warning: 
'allTerminalIds' is 
assigned a value but 
never used.  @typescr
ipt-eslint/no-unused-
vars

./src/app/(app)/shift
s/open/page.tsx
23:35  Warning: 
'Building2' is 
defined but never 
used.  @typescript-es
lint/no-unused-vars
25:10  Warning: 
'getNozzleFullName' 
is defined but never 
used.  @typescript-es
lint/no-unused-vars
25:49  Warning: 'getN
ozzleCompactName' is 
defined but never 
used.  @typescript-es
lint/no-unused-vars
25:98  Warning: 
'formatFuelType' is 
defined but never 
used.  @typescript-es
lint/no-unused-vars
25:114  Warning: 
'formatNozzleNumber' 
is defined but never 
used.  @typescript-es
lint/no-unused-vars
100:10  Warning: 
'TankWithDetails' is 
defined but never 
used.  @typescript-es
lint/no-unused-vars
239:147  Error: 
Unexpected any. 
Specify a different 
type.  @typescript-es
lint/no-explicit-any
239:159  Error: 
Unexpected any. 
Specify a different 
type.  @typescript-es
lint/no-explicit-any
239:171  Error: 
Unexpected any. 
Specify a different 
type.  @typescript-es
lint/no-explicit-any
441:59  Error: 
Unexpected any. 
Specify a different 
type.  @typescript-es
lint/no-explicit-any
664:9  Warning: 
'availableNozzles' 
is assigned a value 
but never used.  @typ
escript-eslint/no-unu
sed-vars

./src/app/(app)/shift
s/page.tsx
5:29  Warning: 
'CardDescription' is 
defined but never 
used.  @typescript-es
lint/no-unused-vars
202:6  Warning: 
React Hook useEffect 
has a missing 
dependency: 
'fetchShifts'. 
Either include it or 
remove the 
dependency array.  re
act-hooks/exhaustive-
deps

./src/app/(app)/tanks
/deliveries/page.tsx
192:14  Warning: 
'_err' is defined 
but never used.  @typ
escript-eslint/no-unu
sed-vars
212:18  Warning: 
'_err' is defined 
but never used.  @typ
escript-eslint/no-unu
sed-vars

./src/app/(app)/tanks
/page.tsx
8:10  Warning: 
'Input' is defined 
but never used.  @typ
escript-eslint/no-unu
sed-vars
12:10  Warning: 
'Alert' is defined 
but never used.  @typ
escript-eslint/no-unu
sed-vars
12:17  Warning: 
'AlertDescription' 
is defined but never 
used.  @typescript-es
lint/no-unused-vars
12:35  Warning: 
'AlertTitle' is 
defined but never 
used.  @typescript-es
lint/no-unused-vars
31:3  Warning: 
'TrendingUp' is 
defined but never 
used.  @typescript-es
lint/no-unused-vars
32:3  Warning: 
'AlertCircle' is 
defined but never 
used.  @typescript-es
lint/no-unused-vars
34:3  Warning: 
'BarChart3' is 
defined but never 
used.  @typescript-es
lint/no-unused-vars
36:3  Warning: 
'FileText' is 
defined but never 
used.  @typescript-es
lint/no-unused-vars
37:3  Warning: 
'CheckCircle' is 
defined but never 
used.  @typescript-es
lint/no-unused-vars
88:10  Warning: 
'loading' is 
assigned a value but 
never used.  @typescr
ipt-eslint/no-unused-
vars
89:10  Warning: 
'error' is assigned 
a value but never 
used.  @typescript-es
lint/no-unused-vars
90:10  Warning: 
'success' is 
assigned a value but 
never used.  @typescr
ipt-eslint/no-unused-
vars
90:19  Warning: 
'setSuccess' is 
assigned a value but 
never used.  @typescr
ipt-eslint/no-unused-
vars
122:6  Warning: 
React Hook useEffect 
has a missing 
dependency: 
'fetchTanks'. Either 
include it or remove 
the dependency 
array.  react-hooks/e
xhaustive-deps
335:32  Warning: 
'row' is defined but 
never used.  @typescr
ipt-eslint/no-unused-
vars

./src/app/(app)/tanks
/report/page.tsx
78:10  Warning: 
'tanks' is assigned 
a value but never 
used.  @typescript-es
lint/no-unused-vars
94:16  Warning: 
'err' is defined but 
never used.  @typescr
ipt-eslint/no-unused-
vars
110:18  Warning: 
'err' is defined but 
never used.  @typescr
ipt-eslint/no-unused-
vars
200:14  Warning: 
'err' is defined but 
never used.  @typescr
ipt-eslint/no-unused-
vars

./src/app/(app)/tanks
/setup/page.tsx
22:3  Warning: 
'Settings' is 
defined but never 
used.  @typescript-es
lint/no-unused-vars
88:6  Warning: React 
Hook useEffect has 
missing 
dependencies: 
'loadNozzles', 
'loadPumps', and 
'loadTanks'. Either 
include them or 
remove the 
dependency array.  re
act-hooks/exhaustive-
deps

./src/app/api/auth/ch
ange-password/route.t
s
118:91  Error: 
Unexpected any. 
Specify a different 
type.  @typescript-es
lint/no-explicit-any
118:98  Error: 
Unexpected any. 
Specify a different 
type.  @typescript-es
lint/no-explicit-any

./src/app/api/auth/me
/route.ts
25:14  Warning: 
'error' is defined 
but never used.  @typ
escript-eslint/no-unu
sed-vars

./src/app/api/banks/[
id]/route.ts
57:23  Error: 
Unexpected any. 
Specify a different 
type.  @typescript-es
lint/no-explicit-any

./src/app/api/cheques
/route.ts
38:16  Error: 
Unexpected any. 
Specify a different 
type.  @typescript-es
lint/no-explicit-any

./src/app/api/credit/
aging/route.ts
3:27  Warning: 
'request' is defined 
but never used.  @typ
escript-eslint/no-unu
sed-vars

./src/app/api/credit/
payments/route.ts
3:60  Warning: 
'validateDate' is 
defined but never 
used.  @typescript-es
lint/no-unused-vars

./src/app/api/credit/
sales/route.ts
53:18  Error: 
Unexpected any. 
Specify a different 
type.  @typescript-es
lint/no-explicit-any

./src/app/api/dashboa
rd/summary/route.ts
116:19  Error: 
Unexpected any. 
Specify a different 
type.  @typescript-es
lint/no-explicit-any

./src/app/api/deliver
ies/route.ts
69:44  Error: 
Unexpected any. 
Specify a different 
type.  @typescript-es
lint/no-explicit-any
154:44  Error: 
Unexpected any. 
Specify a different 
type.  @typescript-es
lint/no-explicit-any
243:53  Error: 
Unexpected any. 
Specify a different 
type.  @typescript-es
lint/no-explicit-any

./src/app/api/fuels/r
oute.ts
5:27  Warning: 
'request' is defined 
but never used.  @typ
escript-eslint/no-unu
sed-vars

./src/app/api/loans/e
xternal/route.ts
36:32  Error: 
Unexpected any. 
Specify a different 
type.  @typescript-es
lint/no-explicit-any

./src/app/api/loans/p
umper/[id]/route.ts
75:23  Error: 
Unexpected any. 
Specify a different 
type.  @typescript-es
lint/no-explicit-any

./src/app/api/notific
ations/generate/route
.ts
42:112  Error: 
Unexpected any. 
Specify a different 
type.  @typescript-es
lint/no-explicit-any
42:153  Error: 
Unexpected any. 
Specify a different 
type.  @typescript-es
lint/no-explicit-any
141:114  Error: 
Unexpected any. 
Specify a different 
type.  @typescript-es
lint/no-explicit-any
141:155  Error: 
Unexpected any. 
Specify a different 
type.  @typescript-es
lint/no-explicit-any
205:48  Error: 
Unexpected any. 
Specify a different 
type.  @typescript-es
lint/no-explicit-any
211:114  Error: 
Unexpected any. 
Specify a different 
type.  @typescript-es
lint/no-explicit-any
211:155  Error: 
Unexpected any. 
Specify a different 
type.  @typescript-es
lint/no-explicit-any
280:110  Error: 
Unexpected any. 
Specify a different 
type.  @typescript-es
lint/no-explicit-any
280:151  Error: 
Unexpected any. 
Specify a different 
type.  @typescript-es
lint/no-explicit-any

./src/app/api/office-
staff/[id]/route.ts
65:155  Error: 
Unexpected any. 
Specify a different 
type.  @typescript-es
lint/no-explicit-any
78:184  Error: 
Unexpected any. 
Specify a different 
type.  @typescript-es
lint/no-explicit-any
79:179  Error: 
Unexpected any. 
Specify a different 
type.  @typescript-es
lint/no-explicit-any
80:184  Error: 
Unexpected any. 
Specify a different 
type.  @typescript-es
lint/no-explicit-any
81:184  Error: 
Unexpected any. 
Specify a different 
type.  @typescript-es
lint/no-explicit-any

./src/app/api/oil-sal
es/route.ts
8:11  Warning: 
'shiftId' is 
assigned a value but 
never used.  @typescr
ipt-eslint/no-unused-
vars

./src/app/api/pos/bat
ches/route.ts
103:7  Warning: 
'stationId' is 
assigned a value but 
never used.  @typescr
ipt-eslint/no-unused-
vars

./src/app/api/profile
/change-password/rout
e.ts
26:14  Warning: 
'error' is defined 
but never used.  @typ
escript-eslint/no-unu
sed-vars

./src/app/api/profile
/route.ts
4:8  Warning: 
'bcrypt' is defined 
but never used.  @typ
escript-eslint/no-unu
sed-vars
26:14  Warning: 
'error' is defined 
but never used.  @typ
escript-eslint/no-unu
sed-vars
99:14  Warning: 
'error' is defined 
but never used.  @typ
escript-eslint/no-unu
sed-vars

./src/app/api/pumpers
/route.ts
2:10  Warning: 
'Prisma' is defined 
but never used.  @typ
escript-eslint/no-unu
sed-vars
130:7  Warning: 
'employeeId' is 
assigned a value but 
never used.  @typescr
ipt-eslint/no-unused-
vars
224:28  Error: 
Unexpected any. 
Specify a different 
type.  @typescript-es
lint/no-explicit-any
225:26  Error: 
Unexpected any. 
Specify a different 
type.  @typescript-es
lint/no-explicit-any

./src/app/api/pumpers
/[id]/route.ts
104:23  Error: 
Unexpected any. 
Specify a different 
type.  @typescript-es
lint/no-explicit-any
203:14  Warning: 
'loanError' is 
defined but never 
used.  @typescript-es
lint/no-unused-vars

./src/app/api/reports
/pos-sales/route.ts
157:25  Warning: 
'bankName' is 
assigned a value but 
never used.  @typescr
ipt-eslint/no-unused-
vars

./src/app/api/reports
/pumper-variance/rout
e.ts
123:15  Warning: 
'varianceStatus' is 
assigned a value but 
never used.  @typescr
ipt-eslint/no-unused-
vars

./src/app/api/safe/pe
nding/route.ts
56:22  Error: 
Unexpected any. 
Specify a different 
type.  @typescript-es
lint/no-explicit-any
61:22  Error: 
Unexpected any. 
Specify a different 
type.  @typescript-es
lint/no-explicit-any

./src/app/api/safe/su
mmary/route.ts
20:11  Warning: 
'shifts' is assigned 
a value but never 
used.  @typescript-es
lint/no-unused-vars
108:11  Warning: 
'totalLoansGiven' is 
assigned a value but 
never used.  @typescr
ipt-eslint/no-unused-
vars
226:26  Error: 
Unexpected any. 
Specify a different 
type.  @typescript-es
lint/no-explicit-any
248:27  Error: 
Unexpected any. 
Specify a different 
type.  @typescript-es
lint/no-explicit-any

./src/app/api/safe/tr
ansactions/route.ts
35:23  Error: 
Unexpected any. 
Specify a different 
type.  @typescript-es
lint/no-explicit-any
190:18  Error: 
Unexpected any. 
Specify a different 
type.  @typescript-es
lint/no-explicit-any

./src/app/api/salary/
payments/route.ts
16:18  Error: 
Unexpected any. 
Specify a different 
type.  @typescript-es
lint/no-explicit-any

./src/app/api/salary/
repay-loan/route.ts
58:11  Warning: 
'safeTransaction' is 
assigned a value but 
never used.  @typescr
ipt-eslint/no-unused-
vars

./src/app/api/salary/
route.ts
136:11  Warning: 'saf
eLoanTransactions' 
is assigned a value 
but never used.  @typ
escript-eslint/no-unu
sed-vars

./src/app/api/setting
s/tolerance/route.ts
36:12  Warning: 
'error' is defined 
but never used.  @typ
escript-eslint/no-unu
sed-vars

./src/app/api/shifts/
route.ts
74:32  Error: 
Unexpected any. 
Specify a different 
type.  @typescript-es
lint/no-explicit-any
110:32  Error: 
Unexpected any. 
Specify a different 
type.  @typescript-es
lint/no-explicit-any

./src/app/api/tanks/c
leanup/route.ts
4:30  Warning: 
'request' is defined 
but never used.  @typ
escript-eslint/no-unu
sed-vars

./src/app/api/tanks/r
oute.ts
3:10  Warning: 
'auditOperations' is 
defined but never 
used.  @typescript-es
lint/no-unused-vars

./src/app/api/tanks/u
pdate-stock/route.ts
8:26  Warning: 
'performedBy' is 
assigned a value but 
never used.  @typescr
ipt-eslint/no-unused-
vars

./src/app/api/users/r
oute.ts
67:13  Warning: 
'name' is assigned a 
value but never 
used.  @typescript-es
lint/no-unused-vars

./src/app/api/users/[
id]/route.ts
64:13  Warning: 
'name' is assigned a 
value but never 
used.  @typescript-es
lint/no-unused-vars

./src/components/Bank
Selector.tsx
31:11  Warning: 
'BankAccount' is 
defined but never 
used.  @typescript-es
lint/no-unused-vars

./src/components/layo
ut/Sidebar.tsx
9:3  Warning: 
'Search' is defined 
but never used.  @typ
escript-eslint/no-unu
sed-vars
10:3  Warning: 
'TestTube' is 
defined but never 
used.  @typescript-es
lint/no-unused-vars
13:3  Warning: 
'Users' is defined 
but never used.  @typ
escript-eslint/no-unu
sed-vars
14:3  Warning: 
'Shield' is defined 
but never used.  @typ
escript-eslint/no-unu
sed-vars
18:3  Warning: 
'FileText' is 
defined but never 
used.  @typescript-es
lint/no-unused-vars

./src/components/layo
ut/TopBar.tsx
22:3  Warning: 
'Fuel' is defined 
but never used.  @typ
escript-eslint/no-unu
sed-vars
23:3  Warning: 
'CreditCard' is 
defined but never 
used.  @typescript-es
lint/no-unused-vars
25:3  Warning: 
'TrendingDown' is 
defined but never 
used.  @typescript-es
lint/no-unused-vars
195:6  Warning: 
React Hook useEffect 
has a missing 
dependency: 
'loadNotifications'. 
Either include it or 
remove the 
dependency array.  re
act-hooks/exhaustive-
deps
210:6  Warning: 
React Hook useEffect 
has a missing 
dependency: 
'loadNotifications'. 
Either include it or 
remove the 
dependency array.  re
act-hooks/exhaustive-
deps

./src/lib/auditMiddle
ware.ts
47:14  Warning: 
'userCheckError' is 
defined but never 
used.  @typescript-es
lint/no-unused-vars

./src/lib/calc.ts
7:18  Warning: 
'_salesAmount' is 
defined but never 
used.  @typescript-es
lint/no-unused-vars
192:3  Warning: '_tol
erancePercentage' is 
assigned a value but 
never used.  @typescr
ipt-eslint/no-unused-
vars

./src/lib/exportUtils
.ts
455:18  Warning: 'e' 
is defined but never 
used.  @typescript-es
lint/no-unused-vars
720:12  Warning: 'Sal
aryReportResponse' 
is defined but never 
used.  @typescript-es
lint/no-unused-vars

info  - Need to 
disable some ESLint 
rules? Learn more 
here: https://nextjs.
org/docs/app/api-refe
rence/config/eslint#d
isabling-rules
