src/app/api/cheques/route.ts(45,7): error TS2322: Type 'string' is not assignable to type '"PENDING" | "CLEARED" | "BOUNCED" | "CANCELLED" | undefined'.
src/app/api/deliveries/route.ts(243,9): error TS2322: Type 'InputJsonValue | null' is not assignable to type 'NullableJsonNullValueInput | InputJsonValue | undefined'.
  Type 'null' is not assignable to type 'NullableJsonNullValueInput | InputJsonValue | undefined'.
src/app/api/notifications/route.ts(21,15): error TS2322: Type 'string' is not assignable to type 'NotificationType | EnumNotificationTypeFilter<"Notification"> | undefined'.
src/app/api/notifications/route.ts(22,19): error TS2322: Type 'string' is not assignable to type 'NotificationPriority | EnumNotificationPriorityFilter<"Notification"> | undefined'.
src/app/api/notifications/route.ts(23,19): error TS2322: Type 'string' is not assignable to type 'NotificationCategory | EnumNotificationCategoryFilter<"Notification"> | undefined'.
src/app/api/office-staff/route.ts(23,7): error TS2322: Type 'string' is not assignable to type 'OfficeStaffRole | EnumOfficeStaffRoleFilter<"OfficeStaff"> | undefined'.
src/app/api/office-staff/route.ts(179,9): error TS2322: Type 'string' is not assignable to type 'OfficeStaffRole | undefined'.
src/app/api/pumpers/[id]/route.ts(112,45): error TS2551: Property 'stationId' does not exist on type 'PumperUpdateInput'. Did you mean 'station'?
src/app/api/pumpers/route.ts(224,9): error TS2322: Type 'string' is not assignable to type 'PumperStatus | undefined'.
src/app/api/pumpers/route.ts(225,9): error TS2322: Type 'string' is not assignable to type 'PumperShift | undefined'.
src/app/api/safe/transactions/route.ts(35,46): error TS2503: Cannot find namespace 'Prisma'.
src/app/api/safe/transactions/route.ts(196,18): error TS2503: Cannot find namespace 'Prisma'.
src/app/api/users/route.ts(103,49): error TS2694: Namespace '"C:/Users/USER/Desktop/dfs management system/shed-admin/node_modules/@prisma/client/default"' has no exported member 'Role'.
