src/app/(app)/tanks/deliveries/_components/Stage1_Arrival.tsx(132,45): error TS2532: Object is possibly 'undefined'.
src/app/(app)/tanks/deliveries/_components/Stage1_Arrival.tsx(133,46): error TS2532: Object is possibly 'undefined'.
